Reading netlist file: "D:\embeded\project\LabFPGA_7SEG_ID11\impl\gwsynthesis\LabFPGA_7SEG_ID11.vg"
Parsing netlist file "D:\embeded\project\LabFPGA_7SEG_ID11\impl\gwsynthesis\LabFPGA_7SEG_ID11.vg" completed
Processing netlist completed
Reading constraint file: "D:\embeded\project\LabFPGA_7SEG_ID11\src\LabFPGA_7SEG_ID11.cst"
Physical Constraint parsed completed
Running placement......
[10%] Placement Phase 0 completed
[20%] Placement Phase 1 completed
[30%] Placement Phase 2 completed
[50%] Placement Phase 3 completed
Running routing......
[60%] Routing Phase 0 completed
[70%] Routing Phase 1 completed
[80%] Routing Phase 2 completed
[90%] Routing Phase 3 completed
Running timing analysis......
[95%] Timing analysis completed
Placement and routing completed
Bitstream generation in progress......
Bitstream generation completed
Running power analysis......
[100%] Power analysis completed
Generate file "D:\embeded\project\LabFPGA_7SEG_ID11\impl\pnr\LabFPGA_7SEG_ID11.power.html" completed
Generate file "D:\embeded\project\LabFPGA_7SEG_ID11\impl\pnr\LabFPGA_7SEG_ID11.pin.html" completed
Generate file "D:\embeded\project\LabFPGA_7SEG_ID11\impl\pnr\LabFPGA_7SEG_ID11.rpt.html" completed
Generate file "D:\embeded\project\LabFPGA_7SEG_ID11\impl\pnr\LabFPGA_7SEG_ID11.rpt.txt" completed
Generate file "D:\embeded\project\LabFPGA_7SEG_ID11\impl\pnr\LabFPGA_7SEG_ID11.tr.html" completed
Fri Jul 17 11:14:10 2026

