GowinSynthesis start
Running parser ...
Analyzing Verilog file 'D:\embeded\project\LabFPGA_LED_Q1\src\LED_Q1.v'
Compiling module 'led_q1'("D:\embeded\project\LabFPGA_LED_Q1\src\LED_Q1.v":1)
NOTE  (EX0101) : Current top module is "led_q1"
WARN  (EX0211) : The output port "led" of module "led_q1" has no driver, assigning undriven bits to Z, simulation mismatch possible("D:\embeded\project\LabFPGA_LED_Q1\src\LED_Q1.v":3)
[5%] Running netlist conversion ...
WARN  (CV0016) : Input clk is unused("D:\embeded\project\LabFPGA_LED_Q1\src\LED_Q1.v":2)
Running device independent optimization ...
[10%] Optimizing Phase 0 completed
[15%] Optimizing Phase 1 completed
[25%] Optimizing Phase 2 completed
Running inference ...
[30%] Inferring Phase 0 completed
[40%] Inferring Phase 1 completed
[50%] Inferring Phase 2 completed
[55%] Inferring Phase 3 completed
Running technical mapping ...
[60%] Tech-Mapping Phase 0 completed
[65%] Tech-Mapping Phase 1 completed
[75%] Tech-Mapping Phase 2 completed
[80%] Tech-Mapping Phase 3 completed
[90%] Tech-Mapping Phase 4 completed
[95%] Generate netlist file "D:\embeded\project\LabFPGA_LED_Q1\impl\gwsynthesis\LabFPGA_LED_Q1.vg" completed
[100%] Generate report file "D:\embeded\project\LabFPGA_LED_Q1\impl\gwsynthesis\LabFPGA_LED_Q1_syn.rpt.html" completed
GowinSynthesis finish
