Reading netlist file: "D:\embeded\project\LabFPGA_LED_Q2\impl\gwsynthesis\LabFPGA_LED_Q2.vg"
Parsing netlist file "D:\embeded\project\LabFPGA_LED_Q2\impl\gwsynthesis\LabFPGA_LED_Q2.vg" completed
Processing netlist completed
Reading constraint file: "D:\embeded\project\LabFPGA_LED_Q2\src\LabFPGA_LED_Q2.cst"
Physical Constraint parsed completed
Running placement......
[10%] Placement Phase 0 completed
[20%] Placement Phase 1 completed
[30%] Placement Phase 2 completed
[50%] Placement Phase 3 completed
Running routing......
[60%] Routing Phase 0 completed
[70%] Routing Phase 1 completed
[80%] Routing Phase 2 completed
[90%] Routing Phase 3 completed
Running timing analysis......
[95%] Timing analysis completed
Placement and routing completed
Bitstream generation in progress......
Bitstream generation completed
Running power analysis......
[100%] Power analysis completed
Generate file "D:\embeded\project\LabFPGA_LED_Q2\impl\pnr\LabFPGA_LED_Q2.power.html" completed
Generate file "D:\embeded\project\LabFPGA_LED_Q2\impl\pnr\LabFPGA_LED_Q2.pin.html" completed
Generate file "D:\embeded\project\LabFPGA_LED_Q2\impl\pnr\LabFPGA_LED_Q2.rpt.html" completed
Generate file "D:\embeded\project\LabFPGA_LED_Q2\impl\pnr\LabFPGA_LED_Q2.rpt.txt" completed
Generate file "D:\embeded\project\LabFPGA_LED_Q2\impl\pnr\LabFPGA_LED_Q2.tr.html" completed
Fri Jul 10 11:27:31 2026

